Project Information                                     d:\dennis\bcdadder.rpt

MAX+plus II Compiler Report File
Version 10.2 07/10/2002
Compiled: 08/21/2019 11:24:37

Copyright (C) 1988-2002 Altera Corporation
Any megafunction design, and related net list (encrypted or decrypted),
support information, device programming or simulation file, and any other
associated documentation or information provided by Altera or a partner
under Altera's Megafunction Partnership Program may be used only to
program PLD devices (but not masked PLD devices) from Altera.  Any other
use of such megafunction design, net list, support information, device
programming or simulation file, or any other related documentation or
information is prohibited for any other purpose, including, but not
limited to modification, reverse engineering, de-compiling, or use with
any other silicon devices, unless such use is explicitly licensed under
a separate agreement with Altera or a megafunction partner.  Title to
the intellectual property, including patents, copyrights, trademarks,
trade secrets, or maskworks, embodied in any such megafunction design,
net list, support information, device programming or simulation file, or
any other related documentation or information provided by Altera or a
megafunction partner, remains with Altera, the megafunction partner, or
their respective licensors.  No other licenses, including any licenses
needed under any third party's intellectual property, are provided herein.



***** Project compilation was successful




** DEVICE SUMMARY **

Chip/                     Input   Output   Bidir         Shareable
POF       Device          Pins    Pins     Pins     LCs  Expanders  % Utilized

bcdadder  EPM7064LC44-7    9        5        0      44      8           68 %

User Pins:                 9        5        0  



Project Information                                     d:\dennis\bcdadder.rpt

** FILE HIERARCHY **



|lab4q2:interstage|
|lab4q2:interstage|lab4full:stage0|
|lab4q2:interstage|lab4full:stage1|
|lab4q2:interstage|lab4full:stage2|
|lab4q2:interstage|lab4full:stage3|
|lab4q2:result|
|lab4q2:result|lab4full:stage0|
|lab4q2:result|lab4full:stage1|
|lab4q2:result|lab4full:stage2|
|lab4q2:result|lab4full:stage3|


Device-Specific Information:                            d:\dennis\bcdadder.rpt
bcdadder

***** Logic for device 'bcdadder' compiled without errors.




Device: EPM7064LC44-7

Device Options:
    Turbo Bit                                    = ON
    Security Bit                                 = OFF

                                         R  R  
                                         E  E  
                                         S  S  
                                         E  E  
                                         R  R  
                       V  G  G  G  G  G  V  V  
              x  x  x  C  N  N  N  N  N  E  E  
              1  0  3  C  D  D  D  D  D  D  D  
            -----------------------------------_ 
          /   6  5  4  3  2  1 44 43 42 41 40   | 
      x2 |  7                                39 | RESERVED 
      y0 |  8                                38 | RESERVED 
      y1 |  9                                37 | RESERVED 
     GND | 10                                36 | RESERVED 
      y2 | 11                                35 | VCC 
     cin | 12         EPM7064LC44-7          34 | s1 
RESERVED | 13                                33 | RESERVED 
RESERVED | 14                                32 | cout 
     VCC | 15                                31 | RESERVED 
RESERVED | 16                                30 | GND 
RESERVED | 17                                29 | RESERVED 
         |_  18 19 20 21 22 23 24 25 26 27 28  _| 
           ------------------------------------ 
              R  R  s  y  G  V  s  s  R  R  R  
              E  E  3  3  N  C  0  2  E  E  E  
              S  S        D  C        S  S  S  
              E  E                    E  E  E  
              R  R                    R  R  R  
              V  V                    V  V  V  
              E  E                    E  E  E  
              D  D                    D  D  D  


N.C. = No Connect. This pin has no internal connection to the device.
VCC = Dedicated power pin, which MUST be connected to VCC.
GND = Dedicated ground pin or unused dedicated input, which MUST be connected to GND.
RESERVED = Unused I/O pin, which MUST be left unconnected.



Device-Specific Information:                            d:\dennis\bcdadder.rpt
bcdadder

** RESOURCE USAGE **

                                                Shareable     External
Logic Array Block     Logic Cells   I/O Pins    Expanders   Interconnect

A:     LC1 - LC16     0/16(  0%)   8/ 8(100%)   0/16(  0%)   0/36(  0%) 
B:    LC17 - LC32    13/16( 81%)   2/ 8( 25%)  12/16( 75%)  14/36( 38%) 
C:    LC33 - LC48    15/16( 93%)   3/ 8( 37%)  16/16(100%)  28/36( 77%) 
D:    LC49 - LC64    16/16(100%)   1/ 8( 12%)  13/16( 81%)  23/36( 63%) 


Total dedicated input pins used:                 0/4      (  0%)
Total I/O pins used:                            14/32     ( 43%)
Total logic cells used:                         44/64     ( 68%)
Total shareable expanders used:                  8/64     ( 12%)
Total Turbo logic cells used:                   44/64     ( 68%)
Total shareable expanders not available (n/a):  33/64     ( 51%)
Average fan-in:                                  7.31
Total fan-in:                                   322

Total input pins required:                       9
Total output pins required:                      5
Total bidirectional pins required:               0
Total logic cells required:                     44
Total flipflops required:                        0
Total product terms required:                  199
Total logic cells lending parallel expanders:    0
Total shareable expanders in database:           8

Synthesized logic cells:                        39/  64   ( 60%)



Device-Specific Information:                            d:\dennis\bcdadder.rpt
bcdadder

** INPUTS **

                                         Shareable
                                         Expanders     Fan-In    Fan-Out
 Pin     LC  LAB  Primitive    Code   Total Shared n/a INP  FBK  OUT  FBK  Name
  12    (1)  (A)      INPUT               0      0   0    0    0    2   30  cin
   5   (14)  (A)      INPUT               0      0   0    0    0    3   30  x0
   6   (11)  (A)      INPUT               0      0   0    0    0    2   33  x1
   7    (8)  (A)      INPUT               0      0   0    0    0    1   26  x2
   4   (16)  (A)      INPUT               0      0   0    0    0    1   12  x3
   8    (5)  (A)      INPUT               0      0   0    0    0    3   29  y0
   9    (4)  (A)      INPUT               0      0   0    0    0    2   34  y1
  11    (3)  (A)      INPUT               0      0   0    0    0    1   27  y2
  21   (17)  (B)      INPUT               0      0   0    0    0    1    7  y3


Code:

s = Synthesized pin or logic cell
t = Turbo logic cell
+ = Synchronous flipflop
! = NOT gate push-back
r = Fitter-inserted logic cell


Device-Specific Information:                            d:\dennis\bcdadder.rpt
bcdadder

** OUTPUTS **

                                         Shareable
                                         Expanders     Fan-In    Fan-Out
 Pin     LC  LAB  Primitive    Code   Total Shared n/a INP  FBK  OUT  FBK  Name
  32     48    C     OUTPUT      t        5      0   1    9    0    0    0  cout
  24     33    C     OUTPUT      t        0      0   0    2    0    0    0  s0
  34     51    D     OUTPUT      t        2      0   0    5   13    0    0  s1
  25     35    C     OUTPUT      t        2      0   0    0    8    0    0  s2
  20     19    B     OUTPUT      t        0      0   0    0    2    0    0  s3


Code:

s = Synthesized pin or logic cell
t = Turbo logic cell
+ = Synchronous flipflop
! = NOT gate push-back
r = Fitter-inserted logic cell


Device-Specific Information:                            d:\dennis\bcdadder.rpt
bcdadder

** BURIED LOGIC **

                                         Shareable
                                         Expanders     Fan-In    Fan-Out
 Pin     LC  LAB  Primitive    Code   Total Shared n/a INP  FBK  OUT  FBK  Name
   -     43    C       SOFT    s t        0      0   0    1    6    1    6  |lab4q2:interstage|lab4full:stage3|~8~1
 (17)    24    B       SOFT    s t        1      0   1    7    0    0    1  |lab4q2:interstage|lab4full:stage3|~8~2
   -     42    C       SOFT    s t        1      0   1    8    0    0    1  |lab4q2:interstage|lab4full:stage3|~8~3
 (29)    41    C       SOFT    s t        1      0   1    8    0    0    1  |lab4q2:interstage|lab4full:stage3|~8~4
 (28)    40    C       SOFT    s t        1      0   1    8    0    0    1  |lab4q2:interstage|lab4full:stage3|~8~5
   -     38    C       SOFT    s t        1      0   1    8    0    0    1  |lab4q2:interstage|lab4full:stage3|~8~6
 (18)    21    B       SOFT    s t        1      0   1    5    0    0    1  |lab4q2:interstage|lab4full:stage3|~8~7
   -     58    D       SOFT    s t        1      0   1    5    0    1    0  |lab4q2:result|lab4full:stage1|~8~1
 (39)    57    D       SOFT    s t        1      0   1    5    0    1    0  |lab4q2:result|lab4full:stage1|~8~2
 (21)    17    B       SOFT    s t        1      0   1    5    3    1    2  |lab4q2:result|lab4full:stage1|~13~1
 (27)    37    C       SOFT    s t        1      0   1    5    1    0    1  |lab4q2:result|lab4full:stage1|~13~2
 (26)    36    C       SOFT    s t        1      0   1    5    1    0    1  |lab4q2:result|lab4full:stage1|~13~3
   -     44    C       SOFT    s t        0      0   0    3    1    0    1  |lab4q2:result|lab4full:stage1|~13~4
   -     59    D       SOFT    s t        1      0   1    7    0    1    0  |lab4q2:result|lab4full:stage2|~8~1
   -     61    D       SOFT    s t        1      0   1    7    0    1    0  |lab4q2:result|lab4full:stage2|~8~2
 (41)    64    D       SOFT    s t        1      0   1    6    0    1    0  |lab4q2:result|lab4full:stage2|~8~3
   -     63    D       SOFT    s t        1      0   1    7    0    1    0  |lab4q2:result|lab4full:stage2|~8~4
 (40)    62    D       SOFT    s t        1      0   1    7    0    1    0  |lab4q2:result|lab4full:stage2|~8~5
   -     60    D       SOFT    s t        0      0   0    4    0    1    0  |lab4q2:result|lab4full:stage2|~8~6
   -     39    C       SOFT    s t        1      0   1    7    6    0    1  |lab4q2:result|lab4full:stage2|~10~1
   -     34    C       SOFT    s t        1      0   1    7    6    0    1  |lab4q2:result|lab4full:stage2|~12~1
   -     55    D       SOFT    s t        1      0   1    7    0    0    2  |lab4q2:result|lab4full:stage2|~12~2
 (37)    53    D       SOFT    s t        1      0   1    7    0    0    2  |lab4q2:result|lab4full:stage2|~12~3
 (38)    56    D       SOFT    s t        1      0   1    7    0    0    2  |lab4q2:result|lab4full:stage2|~12~4
   -     54    D       SOFT    s t        1      0   1    7    0    0    2  |lab4q2:result|lab4full:stage2|~12~5
 (36)    52    D       SOFT    s t        0      0   0    4    0    0    2  |lab4q2:result|lab4full:stage2|~12~6
   -     50    D       SOFT    s t        0      0   0    0   14    1    0  |lab4q2:result|lab4full:stage3|~6~1
 (33)    49    D       SOFT    s t        0      0   0    0   11    1    4  ~22~1
   -     18    B       SOFT    s t        1      0   1    7    1    1    2  ~22~2
 (31)    46    C       SOFT    s t        1      0   1    8    0    1    2  ~22~3
   -     31    B       SOFT    s t        1      0   1    7    0    1    2  ~22~4
 (14)    30    B       SOFT    s t        1      0   1    7    0    1    2  ~22~5
   -     27    B       SOFT    s t        1      0   1    8    0    1    2  ~22~6
   -     26    B       SOFT    s t        1      0   1    7    1    1    2  ~22~7
 (16)    25    B       SOFT    s t        1      0   1    5    1    1    2  ~22~8
   -     23    B       SOFT    s t        1      0   1    6    1    1    2  ~22~9
   -     22    B       SOFT    s t        1      0   1    6    1    1    2  ~22~10
 (19)    20    B       SOFT    s t        1      0   1    6    1    1    2  ~22~11
   -     45    C       SOFT    s t        0      0   0    4    0    1    2  ~22~12


Code:

s = Synthesized pin or logic cell
t = Turbo logic cell
+ = Synchronous flipflop
! = NOT gate push-back
r = Fitter-inserted logic cell


Device-Specific Information:                            d:\dennis\bcdadder.rpt
bcdadder

** LOGIC CELL INTERCONNECTIONS **

Logic Array Block 'B':

                                   Logic cells placed in LAB 'B'
        +------------------------- LC24 |lab4q2:interstage|lab4full:stage3|~8~2
        | +----------------------- LC21 |lab4q2:interstage|lab4full:stage3|~8~7
        | | +--------------------- LC17 |lab4q2:result|lab4full:stage1|~13~1
        | | | +------------------- LC19 s3
        | | | | +----------------- LC18 ~22~2
        | | | | | +--------------- LC31 ~22~4
        | | | | | | +------------- LC30 ~22~5
        | | | | | | | +----------- LC27 ~22~6
        | | | | | | | | +--------- LC26 ~22~7
        | | | | | | | | | +------- LC25 ~22~8
        | | | | | | | | | | +----- LC23 ~22~9
        | | | | | | | | | | | +--- LC22 ~22~10
        | | | | | | | | | | | | +- LC20 ~22~11
        | | | | | | | | | | | | | 
        | | | | | | | | | | | | |   Other LABs fed by signals
        | | | | | | | | | | | | |   that feed LAB 'B'
LC      | | | | | | | | | | | | | | A B C D |     Logic cells that feed LAB 'B':

Pin
12   -> * - * - * * * * * * * - - | - * * * | <-- cin
5    -> * - * - * * * * * * * - - | - * * * | <-- x0
6    -> * * * - * * * * * * * * * | - * * * | <-- x1
7    -> - * - - * - * * - - * * * | - * * * | <-- x2
4    -> * * - - * * - - - - - * * | - * * - | <-- x3
8    -> * - * - * * * * * * - - - | - * * * | <-- y0
9    -> * * * - * * * * * * * * * | - * * * | <-- y1
11   -> * * - - - * - * * - * * * | - * * * | <-- y2
21   -> - - - - - - * * * - - * * | - * * - | <-- y3
LC43 -> - - - * * - - - * * * * * | - * - - | <-- |lab4q2:interstage|lab4full:stage3|~8~1
LC37 -> - - * - - - - - - - - - - | - * - - | <-- |lab4q2:result|lab4full:stage1|~13~2
LC36 -> - - * - - - - - - - - - - | - * - - | <-- |lab4q2:result|lab4full:stage1|~13~3
LC44 -> - - * - - - - - - - - - - | - * - - | <-- |lab4q2:result|lab4full:stage1|~13~4
LC50 -> - - - * - - - - - - - - - | - * - - | <-- |lab4q2:result|lab4full:stage3|~6~1


* = The logic cell or pin is an input to the logic cell (or LAB) through the PIA.
- = The logic cell or pin is not an input to the logic cell (or LAB).


Device-Specific Information:                            d:\dennis\bcdadder.rpt
bcdadder

** LOGIC CELL INTERCONNECTIONS **

Logic Array Block 'C':

                                       Logic cells placed in LAB 'C'
        +----------------------------- LC48 cout
        | +--------------------------- LC43 |lab4q2:interstage|lab4full:stage3|~8~1
        | | +------------------------- LC42 |lab4q2:interstage|lab4full:stage3|~8~3
        | | | +----------------------- LC41 |lab4q2:interstage|lab4full:stage3|~8~4
        | | | | +--------------------- LC40 |lab4q2:interstage|lab4full:stage3|~8~5
        | | | | | +------------------- LC38 |lab4q2:interstage|lab4full:stage3|~8~6
        | | | | | | +----------------- LC37 |lab4q2:result|lab4full:stage1|~13~2
        | | | | | | | +--------------- LC36 |lab4q2:result|lab4full:stage1|~13~3
        | | | | | | | | +------------- LC44 |lab4q2:result|lab4full:stage1|~13~4
        | | | | | | | | | +----------- LC39 |lab4q2:result|lab4full:stage2|~10~1
        | | | | | | | | | | +--------- LC34 |lab4q2:result|lab4full:stage2|~12~1
        | | | | | | | | | | | +------- LC33 s0
        | | | | | | | | | | | | +----- LC35 s2
        | | | | | | | | | | | | | +--- LC46 ~22~3
        | | | | | | | | | | | | | | +- LC45 ~22~12
        | | | | | | | | | | | | | | | 
        | | | | | | | | | | | | | | |   Other LABs fed by signals
        | | | | | | | | | | | | | | |   that feed LAB 'C'
LC      | | | | | | | | | | | | | | | | A B C D |     Logic cells that feed LAB 'C':
LC42 -> - * - - - - - - - - - - - - - | - - * - | <-- |lab4q2:interstage|lab4full:stage3|~8~3
LC41 -> - * - - - - - - - - - - - - - | - - * - | <-- |lab4q2:interstage|lab4full:stage3|~8~4
LC40 -> - * - - - - - - - - - - - - - | - - * - | <-- |lab4q2:interstage|lab4full:stage3|~8~5
LC38 -> - * - - - - - - - - - - - - - | - - * - | <-- |lab4q2:interstage|lab4full:stage3|~8~6

Pin
12   -> * - * * * * * * * * * - - * - | - * * * | <-- cin
5    -> * - * * * * * * * * * * - * - | - * * * | <-- x0
6    -> * - * * * * * * - * * - - * - | - * * * | <-- x1
7    -> * - * * * * - - - * * - - * * | - * * * | <-- x2
4    -> * - * * * * - - - - - - - * * | - * * - | <-- x3
8    -> * - * * * * * * * * * * - * - | - * * * | <-- y0
9    -> * - * * * * * * - * * - - * - | - * * * | <-- y1
11   -> * - * * * * - - - * * - - * * | - * * * | <-- y2
21   -> * * - - - - - - - - - - - - * | - * * - | <-- y3
LC24 -> - * - - - - - - - - - - - - - | - - * - | <-- |lab4q2:interstage|lab4full:stage3|~8~2
LC21 -> - * - - - - - - - - - - - - - | - - * - | <-- |lab4q2:interstage|lab4full:stage3|~8~7
LC17 -> - - - - - - - - - - * - * - - | - - * * | <-- |lab4q2:result|lab4full:stage1|~13~1
LC59 -> - - - - - - - - - - - - * - - | - - * - | <-- |lab4q2:result|lab4full:stage2|~8~1
LC61 -> - - - - - - - - - - - - * - - | - - * - | <-- |lab4q2:result|lab4full:stage2|~8~2
LC64 -> - - - - - - - - - - - - * - - | - - * - | <-- |lab4q2:result|lab4full:stage2|~8~3
LC63 -> - - - - - - - - - - - - * - - | - - * - | <-- |lab4q2:result|lab4full:stage2|~8~4
LC62 -> - - - - - - - - - - - - * - - | - - * - | <-- |lab4q2:result|lab4full:stage2|~8~5
LC60 -> - - - - - - - - - - - - * - - | - - * - | <-- |lab4q2:result|lab4full:stage2|~8~6
LC55 -> - - - - - - - - - * * - - - - | - - * - | <-- |lab4q2:result|lab4full:stage2|~12~2
LC53 -> - - - - - - - - - * * - - - - | - - * - | <-- |lab4q2:result|lab4full:stage2|~12~3
LC56 -> - - - - - - - - - * * - - - - | - - * - | <-- |lab4q2:result|lab4full:stage2|~12~4
LC54 -> - - - - - - - - - * * - - - - | - - * - | <-- |lab4q2:result|lab4full:stage2|~12~5
LC52 -> - - - - - - - - - * * - - - - | - - * - | <-- |lab4q2:result|lab4full:stage2|~12~6
LC49 -> - - - - - - * * * * - - * - - | - - * - | <-- ~22~1


* = The logic cell or pin is an input to the logic cell (or LAB) through the PIA.
- = The logic cell or pin is not an input to the logic cell (or LAB).


Device-Specific Information:                            d:\dennis\bcdadder.rpt
bcdadder

** LOGIC CELL INTERCONNECTIONS **

Logic Array Block 'D':

                                         Logic cells placed in LAB 'D'
        +------------------------------- LC58 |lab4q2:result|lab4full:stage1|~8~1
        | +----------------------------- LC57 |lab4q2:result|lab4full:stage1|~8~2
        | | +--------------------------- LC59 |lab4q2:result|lab4full:stage2|~8~1
        | | | +------------------------- LC61 |lab4q2:result|lab4full:stage2|~8~2
        | | | | +----------------------- LC64 |lab4q2:result|lab4full:stage2|~8~3
        | | | | | +--------------------- LC63 |lab4q2:result|lab4full:stage2|~8~4
        | | | | | | +------------------- LC62 |lab4q2:result|lab4full:stage2|~8~5
        | | | | | | | +----------------- LC60 |lab4q2:result|lab4full:stage2|~8~6
        | | | | | | | | +--------------- LC55 |lab4q2:result|lab4full:stage2|~12~2
        | | | | | | | | | +------------- LC53 |lab4q2:result|lab4full:stage2|~12~3
        | | | | | | | | | | +----------- LC56 |lab4q2:result|lab4full:stage2|~12~4
        | | | | | | | | | | | +--------- LC54 |lab4q2:result|lab4full:stage2|~12~5
        | | | | | | | | | | | | +------- LC52 |lab4q2:result|lab4full:stage2|~12~6
        | | | | | | | | | | | | | +----- LC50 |lab4q2:result|lab4full:stage3|~6~1
        | | | | | | | | | | | | | | +--- LC51 s1
        | | | | | | | | | | | | | | | +- LC49 ~22~1
        | | | | | | | | | | | | | | | | 
        | | | | | | | | | | | | | | | |   Other LABs fed by signals
        | | | | | | | | | | | | | | | |   that feed LAB 'D'
LC      | | | | | | | | | | | | | | | | | A B C D |     Logic cells that feed LAB 'D':
LC58 -> - - - - - - - - - - - - - - * - | - - - * | <-- |lab4q2:result|lab4full:stage1|~8~1
LC57 -> - - - - - - - - - - - - - - * - | - - - * | <-- |lab4q2:result|lab4full:stage1|~8~2

Pin
12   -> * * * * * * * - * * * * - - * - | - * * * | <-- cin
5    -> * * * * * * * - * * * * - - * - | - * * * | <-- x0
6    -> * * * * - * * * * * * * * - * - | - * * * | <-- x1
7    -> - - * * * * * * * * * * * - - - | - * * * | <-- x2
8    -> * * * * * * * - * * * * - - * - | - * * * | <-- y0
9    -> * * * * * * * * * * * * * - * - | - * * * | <-- y1
11   -> - - * * * * * * * * * * * - - - | - * * * | <-- y2
LC17 -> - - - - - - - - - - - - - * - - | - - * * | <-- |lab4q2:result|lab4full:stage1|~13~1
LC39 -> - - - - - - - - - - - - - * - - | - - - * | <-- |lab4q2:result|lab4full:stage2|~10~1
LC34 -> - - - - - - - - - - - - - * - - | - - - * | <-- |lab4q2:result|lab4full:stage2|~12~1
LC18 -> - - - - - - - - - - - - - * * * | - - - * | <-- ~22~2
LC46 -> - - - - - - - - - - - - - * * * | - - - * | <-- ~22~3
LC31 -> - - - - - - - - - - - - - * * * | - - - * | <-- ~22~4
LC30 -> - - - - - - - - - - - - - * * * | - - - * | <-- ~22~5
LC27 -> - - - - - - - - - - - - - * * * | - - - * | <-- ~22~6
LC26 -> - - - - - - - - - - - - - * * * | - - - * | <-- ~22~7
LC25 -> - - - - - - - - - - - - - * * * | - - - * | <-- ~22~8
LC23 -> - - - - - - - - - - - - - * * * | - - - * | <-- ~22~9
LC22 -> - - - - - - - - - - - - - * * * | - - - * | <-- ~22~10
LC20 -> - - - - - - - - - - - - - * * * | - - - * | <-- ~22~11
LC45 -> - - - - - - - - - - - - - * * * | - - - * | <-- ~22~12


* = The logic cell or pin is an input to the logic cell (or LAB) through the PIA.
- = The logic cell or pin is not an input to the logic cell (or LAB).


Device-Specific Information:                            d:\dennis\bcdadder.rpt
bcdadder

** EQUATIONS **

cin      : INPUT;
x0       : INPUT;
x1       : INPUT;
x2       : INPUT;
x3       : INPUT;
y0       : INPUT;
y1       : INPUT;
y2       : INPUT;
y3       : INPUT;

-- Node name is 'cout' 
-- Equation name is 'cout', location is LC048, type is output.
 cout    = LCELL( _EQ001 $  GND);
  _EQ001 =  cin &  _X001 &  _X002 &  _X003 &  y0
         #  x0 &  _X001 &  _X002 &  _X003 &  _X004
         #  x1 &  _X001 &  _X003 &  y1
         #  x2 &  _X003 &  y2
         #  x3 &  y3;
  _X001  = EXP(!x2 & !y2);
  _X002  = EXP(!x1 & !y1);
  _X003  = EXP(!x3 & !y3);
  _X004  = EXP(!cin & !y0);

-- Node name is 's0' 
-- Equation name is 's0', location is LC033, type is output.
 s0      = LCELL( x0 $  y0);

-- Node name is 's1' 
-- Equation name is 's1', location is LC051, type is output.
 s1      = LCELL( _EQ002 $  _EQ003);
  _EQ002 = !_LC057 & !_LC058 &  _X005 &  _X006;
  _X005  = EXP(!cin &  x1 & !y0 & !y1);
  _X006  = EXP(!cin & !x0 &  x1 & !y1);
  _EQ003 = !_LC018 & !_LC020 & !_LC022 & !_LC023 & !_LC025 & !_LC026 & 
             !_LC027 & !_LC030 & !_LC031 & !_LC045 & !_LC046;

-- Node name is 's2' 
-- Equation name is 's2', location is LC035, type is output.
 s2      = LCELL( _EQ004 $  _EQ005);
  _EQ004 =  _X007 &  _X008;
  _X007  = EXP( _LC017 & !_LC049);
  _X008  = EXP(!_LC017 &  _LC049);
  _EQ005 = !_LC059 & !_LC060 & !_LC061 & !_LC062 & !_LC063 & !_LC064;

-- Node name is 's3' 
-- Equation name is 's3', location is LC019, type is output.
 s3      = LCELL( _LC050 $  _LC043);

-- Node name is '|lab4q2:interstage|lab4full:stage3|~8~1' 
-- Equation name is '_LC043', type is buried 
-- synthesized logic cell 
_LC043   = LCELL( _EQ006 $ !y3);
  _EQ006 = !_LC021 & !_LC024 & !_LC038 & !_LC040 & !_LC041 & !_LC042;

-- Node name is '|lab4q2:interstage|lab4full:stage3|~8~2' 
-- Equation name is '_LC024', type is buried 
-- synthesized logic cell 
_LC024   = LCELL( _EQ007 $  GND);
  _EQ007 =  cin & !x3 &  y0 &  y1 &  y2
         #  cin &  x0 & !x3 &  y1 &  y2
         #  x0 & !x3 &  y0 &  y1 &  y2
         #  cin &  x1 & !x3 &  y0 &  y2
         #  cin &  x0 &  x1 & !x3 &  y2;

-- Node name is '|lab4q2:interstage|lab4full:stage3|~8~3' 
-- Equation name is '_LC042', type is buried 
-- synthesized logic cell 
_LC042   = LCELL( _EQ008 $  GND);
  _EQ008 =  x0 &  x1 & !x3 &  y0 &  y2
         #  cin &  x2 & !x3 &  y0 &  y1
         #  cin &  x0 &  x2 & !x3 &  y1
         #  x0 &  x2 & !x3 &  y0 &  y1
         #  cin &  x1 &  x2 & !x3 &  y0;

-- Node name is '|lab4q2:interstage|lab4full:stage3|~8~4' 
-- Equation name is '_LC041', type is buried 
-- synthesized logic cell 
_LC041   = LCELL( _EQ009 $  GND);
  _EQ009 =  cin &  x0 &  x1 &  x2 & !x3
         #  x0 &  x1 &  x2 & !x3 &  y0
         # !cin &  x3 & !y0 & !y1 & !y2
         # !x0 &  x3 & !y0 & !y1 & !y2
         # !cin & !x0 &  x3 & !y1 & !y2;

-- Node name is '|lab4q2:interstage|lab4full:stage3|~8~5' 
-- Equation name is '_LC040', type is buried 
-- synthesized logic cell 
_LC040   = LCELL( _EQ010 $  GND);
  _EQ010 = !cin & !x1 &  x3 & !y0 & !y2
         # !x0 & !x1 &  x3 & !y0 & !y2
         # !cin & !x0 & !x1 &  x3 & !y2
         # !cin & !x2 &  x3 & !y0 & !y1
         # !x0 & !x2 &  x3 & !y0 & !y1;

-- Node name is '|lab4q2:interstage|lab4full:stage3|~8~6' 
-- Equation name is '_LC038', type is buried 
-- synthesized logic cell 
_LC038   = LCELL( _EQ011 $  GND);
  _EQ011 = !cin & !x0 & !x2 &  x3 & !y1
         # !cin & !x1 & !x2 &  x3 & !y0
         # !x0 & !x1 & !x2 &  x3 & !y0
         # !cin & !x0 & !x1 & !x2 &  x3
         #  x1 & !x3 &  y1 &  y2;

-- Node name is '|lab4q2:interstage|lab4full:stage3|~8~7' 
-- Equation name is '_LC021', type is buried 
-- synthesized logic cell 
_LC021   = LCELL( _EQ012 $  GND);
  _EQ012 =  x1 &  x2 & !x3 &  y1
         # !x1 &  x3 & !y1 & !y2
         # !x1 & !x2 &  x3 & !y1
         #  x2 & !x3 &  y2
         # !x2 &  x3 & !y2;

-- Node name is '|lab4q2:result|lab4full:stage1|~8~1' 
-- Equation name is '_LC058', type is buried 
-- synthesized logic cell 
_LC058   = LCELL( _EQ013 $  GND);
  _EQ013 =  cin &  x0 & !x1 &  y0 &  y1
         #  cin &  x0 &  x1 &  y0 & !y1
         # !cin &  x0 &  x1 &  y0 &  y1
         # !cin &  x0 & !x1 &  y0 & !y1
         #  cin &  x1 & !y0 &  y1;

-- Node name is '|lab4q2:result|lab4full:stage1|~8~2' 
-- Equation name is '_LC057', type is buried 
-- synthesized logic cell 
_LC057   = LCELL( _EQ014 $  GND);
  _EQ014 =  cin & !x0 &  x1 &  y1
         #  cin & !x1 & !y0 & !y1
         #  cin & !x0 & !x1 & !y1
         # !cin & !x1 & !y0 &  y1
         # !cin & !x0 & !x1 &  y1;

-- Node name is '|lab4q2:result|lab4full:stage1|~13~1' 
-- Equation name is '_LC017', type is buried 
-- synthesized logic cell 
_LC017   = LCELL( _EQ015 $  _EQ016);
  _EQ015 = !cin & !_LC036 & !_LC037 & !_LC044 &  x0 &  x1 &  y0 & !y1
         # !cin & !_LC036 & !_LC037 & !_LC044 &  x0 & !x1 &  y0 &  y1
         #  cin & !_LC036 & !_LC037 & !_LC044 & !x0 & !x1 &  y0 &  y1
         #  cin & !_LC036 & !_LC037 & !_LC044 & !x0 &  x1 &  y0 & !y1;
  _EQ016 = !_LC036 & !_LC037 & !_LC044;

-- Node name is '|lab4q2:result|lab4full:stage1|~13~2' 
-- Equation name is '_LC037', type is buried 
-- synthesized logic cell 
_LC037   = LCELL( _EQ017 $  GND);
  _EQ017 =  cin &  x0 & !x1 & !y0 &  y1
         #  cin &  x0 &  x1 & !y0 & !y1
         # !_LC049 &  x0 & !x1 &  y1
         # !_LC049 &  x0 &  x1 & !y1
         # !_LC049 &  x1 & !y0 &  y1;

-- Node name is '|lab4q2:result|lab4full:stage1|~13~3' 
-- Equation name is '_LC036', type is buried 
-- synthesized logic cell 
_LC036   = LCELL( _EQ018 $  GND);
  _EQ018 = !cin &  x1 & !y0 &  y1
         # !cin & !x0 &  x1 &  y1
         # !_LC049 & !x1 & !y0 & !y1
         # !cin & !x1 & !y0 & !y1
         # !cin & !x0 & !x1 & !y1;

-- Node name is '|lab4q2:result|lab4full:stage1|~13~4' 
-- Equation name is '_LC044', type is buried 
-- synthesized logic cell 
_LC044   = LCELL( _EQ019 $  GND);
  _EQ019 = !_LC049 &  x0 & !y0
         # !_LC049 & !x0 &  y0
         # !cin & !_LC049;

-- Node name is '|lab4q2:result|lab4full:stage2|~8~1' 
-- Equation name is '_LC059', type is buried 
-- synthesized logic cell 
_LC059   = LCELL( _EQ020 $  GND);
  _EQ020 =  cin &  x2 &  y0 &  y1 &  y2
         #  cin &  x0 &  x2 &  y1 &  y2
         #  x0 &  x2 &  y0 &  y1 &  y2
         #  cin &  x1 &  x2 &  y0 &  y2
         #  cin &  x0 &  x1 &  x2 &  y2;

-- Node name is '|lab4q2:result|lab4full:stage2|~8~2' 
-- Equation name is '_LC061', type is buried 
-- synthesized logic cell 
_LC061   = LCELL( _EQ021 $  GND);
  _EQ021 =  x0 &  x1 &  x2 &  y0 &  y2
         #  cin &  x0 &  x1 & !x2 & !y2
         #  x0 &  x1 & !x2 &  y0 & !y2
         #  cin &  x1 & !x2 &  y0 & !y2
         #  cin &  x0 & !x2 &  y1 & !y2;

-- Node name is '|lab4q2:result|lab4full:stage2|~8~3' 
-- Equation name is '_LC064', type is buried 
-- synthesized logic cell 
_LC064   = LCELL( _EQ022 $  GND);
  _EQ022 =  x0 & !x2 &  y0 &  y1 & !y2
         #  cin & !x2 &  y0 &  y1 & !y2
         # !cin & !x2 & !y0 & !y1 &  y2
         # !x0 & !x2 & !y0 & !y1 &  y2
         # !cin & !x0 & !x2 & !y1 &  y2;

-- Node name is '|lab4q2:result|lab4full:stage2|~8~4' 
-- Equation name is '_LC063', type is buried 
-- synthesized logic cell 
_LC063   = LCELL( _EQ023 $  GND);
  _EQ023 = !cin & !x1 & !x2 & !y0 &  y2
         # !x0 & !x1 & !x2 & !y0 &  y2
         # !cin & !x0 & !x1 & !x2 &  y2
         # !cin &  x2 & !y0 & !y1 & !y2
         # !x0 &  x2 & !y0 & !y1 & !y2;

-- Node name is '|lab4q2:result|lab4full:stage2|~8~5' 
-- Equation name is '_LC062', type is buried 
-- synthesized logic cell 
_LC062   = LCELL( _EQ024 $  GND);
  _EQ024 = !cin & !x0 &  x2 & !y1 & !y2
         # !cin & !x1 &  x2 & !y0 & !y2
         # !x0 & !x1 &  x2 & !y0 & !y2
         # !cin & !x0 & !x1 &  x2 & !y2
         #  x1 &  x2 &  y1 &  y2;

-- Node name is '|lab4q2:result|lab4full:stage2|~8~6' 
-- Equation name is '_LC060', type is buried 
-- synthesized logic cell 
_LC060   = LCELL( _EQ025 $  GND);
  _EQ025 =  x1 & !x2 &  y1 & !y2
         # !x1 & !x2 & !y1 &  y2
         # !x1 &  x2 & !y1 & !y2;

-- Node name is '|lab4q2:result|lab4full:stage2|~10~1' 
-- Equation name is '_LC039', type is buried 
-- synthesized logic cell 
_LC039   = LCELL( _EQ026 $  _EQ027);
  _EQ026 =  cin &  _LC049 & !_LC052 & !_LC053 & !_LC054 & !_LC055 & !_LC056 & 
             !x2 &  y0 &  y1 &  y2
         #  cin &  _LC049 & !_LC052 & !_LC053 & !_LC054 & !_LC055 & !_LC056 & 
              x0 & !x2 &  y1 &  y2
         #  _LC049 & !_LC052 & !_LC053 & !_LC054 & !_LC055 & !_LC056 &  x0 & 
             !x2 &  y0 &  y1 &  y2
         #  cin &  _LC049 & !_LC052 & !_LC053 & !_LC054 & !_LC055 & !_LC056 & 
              x1 & !x2 &  y0 &  y2;
  _EQ027 =  _LC049 & !_LC052 & !_LC053 & !_LC054 & !_LC055 & !_LC056;

-- Node name is '|lab4q2:result|lab4full:stage2|~12~1' 
-- Equation name is '_LC034', type is buried 
-- synthesized logic cell 
_LC034   = LCELL( _EQ028 $  _EQ029);
  _EQ028 =  cin &  _LC017 & !_LC052 & !_LC053 & !_LC054 & !_LC055 & !_LC056 & 
             !x2 &  y0 &  y1 &  y2
         #  cin &  _LC017 & !_LC052 & !_LC053 & !_LC054 & !_LC055 & !_LC056 & 
              x0 & !x2 &  y1 &  y2
         #  _LC017 & !_LC052 & !_LC053 & !_LC054 & !_LC055 & !_LC056 &  x0 & 
             !x2 &  y0 &  y1 &  y2
         #  cin &  _LC017 & !_LC052 & !_LC053 & !_LC054 & !_LC055 & !_LC056 & 
              x1 & !x2 &  y0 &  y2;
  _EQ029 =  _LC017 & !_LC052 & !_LC053 & !_LC054 & !_LC055 & !_LC056;

-- Node name is '|lab4q2:result|lab4full:stage2|~12~2' 
-- Equation name is '_LC055', type is buried 
-- synthesized logic cell 
_LC055   = LCELL( _EQ030 $  GND);
  _EQ030 =  cin &  x0 &  x1 & !x2 &  y2
         #  x0 &  x1 & !x2 &  y0 &  y2
         #  cin &  x2 &  y0 &  y1 & !y2
         #  cin &  x0 &  x2 &  y1 & !y2
         #  x0 &  x2 &  y0 &  y1 & !y2;

-- Node name is '|lab4q2:result|lab4full:stage2|~12~3' 
-- Equation name is '_LC053', type is buried 
-- synthesized logic cell 
_LC053   = LCELL( _EQ031 $  GND);
  _EQ031 =  cin &  x1 &  x2 &  y0 & !y2
         #  cin &  x0 &  x1 &  x2 & !y2
         #  x0 &  x1 &  x2 &  y0 & !y2
         # !cin &  x2 & !y0 & !y1 &  y2
         # !x0 &  x2 & !y0 & !y1 &  y2;

-- Node name is '|lab4q2:result|lab4full:stage2|~12~4' 
-- Equation name is '_LC056', type is buried 
-- synthesized logic cell 
_LC056   = LCELL( _EQ032 $  GND);
  _EQ032 = !cin & !x0 &  x2 & !y1 &  y2
         # !cin & !x1 &  x2 & !y0 &  y2
         # !x0 & !x1 &  x2 & !y0 &  y2
         # !cin & !x0 & !x1 &  x2 &  y2
         # !cin & !x2 & !y0 & !y1 & !y2;

-- Node name is '|lab4q2:result|lab4full:stage2|~12~5' 
-- Equation name is '_LC054', type is buried 
-- synthesized logic cell 
_LC054   = LCELL( _EQ033 $  GND);
  _EQ033 = !x0 & !x2 & !y0 & !y1 & !y2
         # !cin & !x0 & !x2 & !y1 & !y2
         # !cin & !x1 & !x2 & !y0 & !y2
         # !x0 & !x1 & !x2 & !y0 & !y2
         # !cin & !x0 & !x1 & !x2 & !y2;

-- Node name is '|lab4q2:result|lab4full:stage2|~12~6' 
-- Equation name is '_LC052', type is buried 
-- synthesized logic cell 
_LC052   = LCELL( _EQ034 $  GND);
  _EQ034 =  x1 & !x2 &  y1 &  y2
         #  x1 &  x2 &  y1 & !y2
         # !x1 &  x2 & !y1 &  y2
         # !x1 & !x2 & !y1 & !y2;

-- Node name is '|lab4q2:result|lab4full:stage3|~6~1' 
-- Equation name is '_LC050', type is buried 
-- synthesized logic cell 
_LC050   = LCELL( _EQ035 $  VCC);
  _EQ035 = !_LC018 & !_LC020 & !_LC022 & !_LC023 & !_LC025 & !_LC026 & 
             !_LC027 & !_LC030 & !_LC031 & !_LC034 & !_LC039 & !_LC045 & 
             !_LC046
         # !_LC017 & !_LC034 & !_LC039;

-- Node name is '~22~1' 
-- Equation name is '~22~1', location is LC049, type is buried.
-- synthesized logic cell 
_LC049   = LCELL( _EQ036 $  VCC);
  _EQ036 = !_LC018 & !_LC020 & !_LC022 & !_LC023 & !_LC025 & !_LC026 & 
             !_LC027 & !_LC030 & !_LC031 & !_LC045 & !_LC046;

-- Node name is '~22~2' 
-- Equation name is '~22~2', location is LC018, type is buried.
-- synthesized logic cell 
_LC018   = LCELL( _EQ037 $  GND);
  _EQ037 =  cin &  _LC043 &  x0 &  x1 &  y1
         #  cin &  _LC043 &  x1 &  y0 &  y1
         #  _LC043 &  x0 &  x1 &  y0 &  y1
         #  cin &  x0 &  x1 &  x2 &  x3
         #  x0 &  x1 &  x2 &  x3 &  y0;

-- Node name is '~22~3' 
-- Equation name is '~22~3', location is LC046, type is buried.
-- synthesized logic cell 
_LC046   = LCELL( _EQ038 $  GND);
  _EQ038 =  cin &  x1 &  x2 &  x3 &  y0
         #  cin &  x0 &  x2 &  x3 &  y1
         #  x0 &  x2 &  x3 &  y0 &  y1
         #  cin &  x2 &  x3 &  y0 &  y1
         #  cin &  x0 &  x1 &  x3 &  y2;

-- Node name is '~22~4' 
-- Equation name is '~22~4', location is LC031, type is buried.
-- synthesized logic cell 
_LC031   = LCELL( _EQ039 $  GND);
  _EQ039 =  x0 &  x1 &  x3 &  y0 &  y2
         #  cin &  x1 &  x3 &  y0 &  y2
         #  cin &  x0 &  x3 &  y1 &  y2
         #  x0 &  x3 &  y0 &  y1 &  y2
         #  cin &  x3 &  y0 &  y1 &  y2;

-- Node name is '~22~5' 
-- Equation name is '~22~5', location is LC030, type is buried.
-- synthesized logic cell 
_LC030   = LCELL( _EQ040 $  GND);
  _EQ040 =  cin &  x0 &  x1 &  x2 &  y3
         #  x0 &  x1 &  x2 &  y0 &  y3
         #  cin &  x1 &  x2 &  y0 &  y3
         #  cin &  x0 &  x2 &  y1 &  y3
         #  x0 &  x2 &  y0 &  y1 &  y3;

-- Node name is '~22~6' 
-- Equation name is '~22~6', location is LC027, type is buried.
-- synthesized logic cell 
_LC027   = LCELL( _EQ041 $  GND);
  _EQ041 =  cin &  x2 &  y0 &  y1 &  y3
         #  cin &  x0 &  x1 &  y2 &  y3
         #  x0 &  x1 &  y0 &  y2 &  y3
         #  cin &  x1 &  y0 &  y2 &  y3
         #  cin &  x0 &  y1 &  y2 &  y3;

-- Node name is '~22~7' 
-- Equation name is '~22~7', location is LC026, type is buried.
-- synthesized logic cell 
_LC026   = LCELL( _EQ042 $  GND);
  _EQ042 =  x0 &  y0 &  y1 &  y2 &  y3
         #  cin &  y0 &  y1 &  y2 &  y3
         #  cin &  _LC043 &  x0 & !x1 & !y1
         #  _LC043 &  x0 & !x1 &  y0 & !y1
         #  cin &  _LC043 & !x1 &  y0 & !y1;

-- Node name is '~22~8' 
-- Equation name is '~22~8', location is LC025, type is buried.
-- synthesized logic cell 
_LC025   = LCELL( _EQ043 $  GND);
  _EQ043 = !cin &  _LC043 & !x1 & !y0 &  y1
         #  _LC043 & !x0 & !x1 & !y0 &  y1
         # !cin &  _LC043 & !x0 & !x1 &  y1
         # !cin &  _LC043 &  x1 & !y0 & !y1
         #  _LC043 & !x0 &  x1 & !y0 & !y1;

-- Node name is '~22~9' 
-- Equation name is '~22~9', location is LC023, type is buried.
-- synthesized logic cell 
_LC023   = LCELL( _EQ044 $  GND);
  _EQ044 = !cin &  _LC043 & !x0 &  x1 & !y1
         #  _LC043 & !x1 & !x2 & !y1 &  y2
         #  _LC043 & !x1 &  x2 & !y1 & !y2
         #  _LC043 &  x2 &  y1 &  y2
         #  _LC043 &  x1 &  x2 &  y2;

-- Node name is '~22~10' 
-- Equation name is '~22~10', location is LC022, type is buried.
-- synthesized logic cell 
_LC022   = LCELL( _EQ045 $  GND);
  _EQ045 =  x1 &  x2 &  x3 &  y1
         #  x1 &  x3 &  y1 &  y2
         #  x1 &  x2 &  y1 &  y3
         #  x1 &  y1 &  y2 &  y3
         #  _LC043 & !x2 &  y1 & !y2;

-- Node name is '~22~11' 
-- Equation name is '~22~11', location is LC020, type is buried.
-- synthesized logic cell 
_LC020   = LCELL( _EQ046 $  GND);
  _EQ046 =  _LC043 &  x1 & !x2 & !y2
         #  _LC043 &  x1 &  y3
         #  _LC043 &  y1 &  y3
         #  _LC043 &  x1 &  x3
         #  _LC043 &  x3 &  y1;

-- Node name is '~22~12' 
-- Equation name is '~22~12', location is LC045, type is buried.
-- synthesized logic cell 
_LC045   = LCELL( _EQ047 $  GND);
  _EQ047 =  x2 &  x3 &  y2
         #  x2 &  y2 &  y3
         #  x3 &  y3;



--     Shareable expanders that are duplicated in multiple LABs:
--     (none)




Project Information                                     d:\dennis\bcdadder.rpt

** COMPILATION SETTINGS & TIMES **

Processing Menu Commands
------------------------

Design Doctor                             = off

Logic Synthesis:

   Synthesis Type Used                    = Standard

   Default Synthesis Style                = NORMAL

      Logic option settings in 'NORMAL' style for 'MAX7000' family

      DECOMPOSE_GATES                     = on
      DUPLICATE_LOGIC_EXTRACTION          = on
      MINIMIZATION                        = full
      MULTI_LEVEL_FACTORING               = on
      NOT_GATE_PUSH_BACK                  = on
      PARALLEL_EXPANDERS                  = off
      REDUCE_LOGIC                        = on
      REFACTORIZATION                     = on
      REGISTER_OPTIMIZATION               = on
      RESYNTHESIZE_NETWORK                = on
      SLOW_SLEW_RATE                      = off
      SOFT_BUFFER_INSERTION               = on
      SUBFACTOR_EXTRACTION                = on
      TURBO_BIT                           = on
      XOR_SYNTHESIS                       = on
      IGNORE_SOFT_BUFFERS                 = off
      USE_LPM_FOR_AHDL_OPERATORS          = off

   Other logic synthesis settings:

      Automatic Global Clock              = on
      Automatic Global Clear              = on
      Automatic Global Preset             = on
      Automatic Global Output Enable      = on
      Automatic Fast I/O                  = off
      Automatic Register Packing          = off
      Automatic Open-Drain Pins           = on
      Automatic Implement in EAB          = off
      One-Hot State Machine Encoding      = off
      Optimize                            = 5

Default Timing Specifications: None

Cut All Bidir Feedback Timing Paths       = on
Cut All Clear & Preset Timing Paths       = on

Ignore Timing Assignments                 = on

Functional SNF Extractor                  = off

Linked SNF Extractor                      = off
Timing SNF Extractor                      = on
Optimize Timing SNF                       = off
Generate AHDL TDO File                    = off
Fitter Settings                           = NORMAL
Smart Recompile                           = off
Total Recompile                           = off

Interfaces Menu Commands
------------------------

EDIF Netlist Writer                       = off
Verilog Netlist Writer                    = off
VHDL Netlist Writer                       = off

Compilation Times
-----------------

   Compiler Netlist Extractor             00:00:00
   Database Builder                       00:00:00
   Logic Synthesizer                      00:00:01
   Partitioner                            00:00:00
   Fitter                                 00:00:00
   Timing SNF Extractor                   00:00:00
   Assembler                              00:00:00
   --------------------------             --------
   Total Time                             00:00:01


Memory Allocated
-----------------

Peak memory allocated during compilation  = 3,695K
